
C:\Users\JAZON>cd C:\Users\JAZON\Desktop\learn_React\projetTest_Vite+React+Tailwind

C:\Users\JAZON\Desktop\learn_React\projetTest_Vite+React+Tailwind>git init
Initialized empty Git repository in C:/Users/JAZON/Desktop/learn_React/projetTest_Vite+React+Tailwind/.git/

C:\Users\JAZON\Desktop\learn_React\projetTest_Vite+React+Tailwind>git commit -m "initialisation du dépot"
On branch master

Initial commit

Untracked files:
  (use "git add <file>..." to include in what will be committed)
        .gitignore
        README.md
        eslint.config.js
        index.html
        package-lock.json
        package.json
        public/
        src/
        tsconfig.app.json
        tsconfig.json
        tsconfig.node.json
        vite.config.ts

nothing added to commit but untracked files present (use "git add" to track)

C:\Users\JAZON\Desktop\learn_React\projetTest_Vite+React+Tailwind>git branch -M main

C:\Users\JAZON\Desktop\learn_React\projetTest_Vite+React+Tailwind>git remote add origin https://github.com/CoderFM-JH/learn_React_Vite-React-Tailwind.git

C:\Users\JAZON\Desktop\learn_React\projetTest_Vite+React+Tailwind>git push -u origin main
error: src refspec main does not match any
error: failed to push some refs to 'https://github.com/CoderFM-JH/learn_React_Vite-React-Tailwind.git'

C:\Users\JAZON\Desktop\learn_React\projetTest_Vite+React+Tailwind>git branch

C:\Users\JAZON\Desktop\learn_React\projetTest_Vite+React+Tailwind>git branch

C:\Users\JAZON\Desktop\learn_React\projetTest_Vite+React+Tailwind>git push -u origin master
error: src refspec master does not match any
error: failed to push some refs to 'https://github.com/CoderFM-JH/learn_React_Vite-React-Tailwind.git'

C:\Users\JAZON\Desktop\learn_React\projetTest_Vite+React+Tailwind>git remote add origin https://github.com/CoderFM-JH/learn_React_Vite-React-Tailwind.git
error: remote origin already exists.

C:\Users\JAZON\Desktop\learn_React\projetTest_Vite+React+Tailwind>git push -u origin master
error: src refspec master does not match any
error: failed to push some refs to 'https://github.com/CoderFM-JH/learn_React_Vite-React-Tailwind.git'

C:\Users\JAZON\Desktop\learn_React\projetTest_Vite+React+Tailwind>git add .

C:\Users\JAZON\Desktop\learn_React\projetTest_Vite+React+Tailwind>git commit -m "initialisation du dépot"
[main (root-commit) f6cbb74] initialisation du dépot
 17 files changed, 3759 insertions(+)
 create mode 100644 .gitignore
 create mode 100644 README.md
 create mode 100644 eslint.config.js
 create mode 100644 index.html
 create mode 100644 package-lock.json
 create mode 100644 package.json
 create mode 100644 public/vite.svg
 create mode 100644 src/App.css
 create mode 100644 src/App.tsx
 create mode 100644 src/assets/react.svg
 create mode 100644 src/index.css
 create mode 100644 src/main.tsx
 create mode 100644 src/vite-env.d.ts
 create mode 100644 tsconfig.app.json
 create mode 100644 tsconfig.json
 create mode 100644 tsconfig.node.json
 create mode 100644 vite.config.ts

C:\Users\JAZON\Desktop\learn_React\projetTest_Vite+React+Tailwind>git push -u origin master
error: src refspec master does not match any
error: failed to push some refs to 'https://github.com/CoderFM-JH/learn_React_Vite-React-Tailwind.git'

C:\Users\JAZON\Desktop\learn_React\projetTest_Vite+React+Tailwind>git push -u origin master
error: src refspec master does not match any
error: failed to push some refs to 'https://github.com/CoderFM-JH/learn_React_Vite-React-Tailwind.git'

C:\Users\JAZON\Desktop\learn_React\projetTest_Vite+React+Tailwind>git branch
* main

C:\Users\JAZON\Desktop\learn_React\projetTest_Vite+React+Tailwind>git push -u origin main
Enumerating objects: 22, done.
Counting objects: 100% (22/22), done.
Delta compression using up to 4 threads
Compressing objects: 100% (19/19), done.
Writing objects: 100% (22/22), 33.37 KiB | 899.00 KiB/s, done.
Total 22 (delta 1), reused 0 (delta 0), pack-reused 0 (from 0)
remote: Resolving deltas: 100% (1/1), done.
To https://github.com/CoderFM-JH/learn_React_Vite-React-Tailwind.git
 * [new branch]      main -> main
branch 'main' set up to track 'origin/main'.

C:\Users\JAZON\Desktop\learn_React\projetTest_Vite+React+Tailwind>

















echo "# apprendre_React_Vite-React-Tailwind" >> README.md
git init
git ajouter README.md
git commit -m "premier commit"
branche git -M principale
git remote ajouter l'origine https://github.com/CoderFM-JH/learn_React_Vite-React-Tailwind.git
git push -u origine principale